{"0": 0.15000000000000002, "1": 0.2775, "2": 0.385875, "3": 0.385875, "4": 0.385875, "5": 0.47799375000000005, "6": 0.47799375000000005, "7": 0.47799375000000005, "8": 0.5562946875000001, "9": 0.385875, "10": 0.385875, "11": 0.5562946875000001, "12": 0.385875, "13": 0.47799375000000005, "14": 0.47799375000000005, "15": 0.6228504843750001, "16": 0.47799375000000005, "17": 0.47799375000000005, "18": 0.385875, "19": 0.5562946875000001, "20": 0.47799375000000005, "21": 0.5562946875000001, "22": 0.5562946875000001, "23": 0.6228504843750001, "24": 0.385875, "25": 0.47799375000000005, "26": 0.47799375000000005, "27": 0.47799375000000005, "28": 0.6228504843750001, "29": 0.47799375000000005, "30": 0.47799375000000005, "31": 0.47799375000000005, "32": 0.5562946875000001, "33": 0.5562946875000001, "34": 0.5562946875000001, "35": 0.47799375000000005, "36": 0.6228504843750001, "37": 0.5562946875000001, "38": 0.5562946875000001, "39": 0.47799375000000005, "40": 0.385875, "41": 0.5562946875000001, "42": 0.47799375000000005, "43": 0.6228504843750001, "44": 0.6228504843750001, "45": 0.47799375000000005, "46": 0.5562946875000001, "47": 0.5562946875000001, "48": 0.385875, "49": 0.5562946875000001, "50": 0.47799375000000005, "51": 0.6794229117187501, "52": 0.5562946875000001, "53": 0.6794229117187501, "54": 0.47799375000000005, "55": 0.47799375000000005, "56": 0.5562946875000001, "57": 0.47799375000000005, "58": 0.5562946875000001, "59": 0.5562946875000001, "60": 0.5562946875000001, "61": 0.385875, "62": 0.47799375000000005, "63": 0.47799375000000005, "64": 0.6228504843750001, "65": 0.6228504843750001, "66": 0.6228504843750001, "67": 0.6228504843750001, "68": 0.5562946875000001, "69": 0.6228504843750001, "70": 0.6228504843750001, "71": 0.47799375000000005, "72": 0.6228504843750001, "73": 0.6228504843750001, "74": 0.6794229117187501, "75": 0.5562946875000001, "76": 0.385875, "77": 0.5562946875000001, "78": 0.385875, "79": 0.47799375000000005, "80": 0.6794229117187501, "81": 0.47799375000000005, "82": 0.6228504843750001, "83": 0.385875, "84": 0.6228504843750001, "85": 0.47799375000000005, "86": 0.47799375000000005, "87": 0.5562946875000001, "88": 0.47799375000000005, "89": 0.7275094749609377, "90": 0.7275094749609377, "91": 0.5562946875000001, "92": 0.47799375000000005, "93": 0.6228504843750001, "94": 0.5562946875000001, "95": 0.47799375000000005, "96": 0.6228504843750001, "97": 0.5562946875000001, "98": 0.6228504843750001, "99": 0.6794229117187501}
