{"0": 0.0, "1": 0.009900990099009901, "2": 0.0297029702970297, "3": 0.0297029702970297, "4": 0.0297029702970297, "5": 0.0594059405940594, "6": 0.0594059405940594, "7": 0.0594059405940594, "8": 0.09900990099009901, "9": 0.0297029702970297, "10": 0.0297029702970297, "11": 0.09900990099009901, "12": 0.0297029702970297, "13": 0.0594059405940594, "14": 0.0594059405940594, "15": 0.1485148514851485, "16": 0.0594059405940594, "17": 0.0594059405940594, "18": 0.0297029702970297, "19": 0.09900990099009901, "20": 0.0594059405940594, "21": 0.09900990099009901, "22": 0.09900990099009901, "23": 0.1485148514851485, "24": 0.0297029702970297, "25": 0.0594059405940594, "26": 0.0594059405940594, "27": 0.0594059405940594, "28": 0.1485148514851485, "29": 0.0594059405940594, "30": 0.0594059405940594, "31": 0.0594059405940594, "32": 0.09900990099009901, "33": 0.09900990099009901, "34": 0.09900990099009901, "35": 0.0594059405940594, "36": 0.1485148514851485, "37": 0.09900990099009901, "38": 0.09900990099009901, "39": 0.0594059405940594, "40": 0.0297029702970297, "41": 0.09900990099009901, "42": 0.0594059405940594, "43": 0.1485148514851485, "44": 0.1485148514851485, "45": 0.0594059405940594, "46": 0.09900990099009901, "47": 0.09900990099009901, "48": 0.0297029702970297, "49": 0.09900990099009901, "50": 0.0594059405940594, "51": 0.2079207920792079, "52": 0.09900990099009901, "53": 0.2079207920792079, "54": 0.0594059405940594, "55": 0.0594059405940594, "56": 0.09900990099009901, "57": 0.0594059405940594, "58": 0.09900990099009901, "59": 0.09900990099009901, "60": 0.09900990099009901, "61": 0.0297029702970297, "62": 0.0594059405940594, "63": 0.0594059405940594, "64": 0.1485148514851485, "65": 0.1485148514851485, "66": 0.1485148514851485, "67": 0.1485148514851485, "68": 0.09900990099009901, "69": 0.1485148514851485, "70": 0.1485148514851485, "71": 0.0594059405940594, "72": 0.1485148514851485, "73": 0.1485148514851485, "74": 0.2079207920792079, "75": 0.09900990099009901, "76": 0.0297029702970297, "77": 0.09900990099009901, "78": 0.0297029702970297, "79": 0.0594059405940594, "80": 0.2079207920792079, "81": 0.0594059405940594, "82": 0.1485148514851485, "83": 0.0297029702970297, "84": 0.1485148514851485, "85": 0.0594059405940594, "86": 0.0594059405940594, "87": 0.09900990099009901, "88": 0.0594059405940594, "89": 0.27722772277227725, "90": 0.27722772277227725, "91": 0.09900990099009901, "92": 0.0594059405940594, "93": 0.1485148514851485, "94": 0.09900990099009901, "95": 0.0594059405940594, "96": 0.1485148514851485, "97": 0.09900990099009901, "98": 0.1485148514851485, "99": 0.2079207920792079}