{"0": 0.0, "1": 0.0101010101010101, "2": 0.001443001443001443, "3": 0.0020614306328592042, "4": 0.005978148835291692, "5": 0.0003092145949288806, "6": 0.008348794063079777, "7": 0.0006184291898577612, "8": 0.002886002886002886, "9": 0.0, "10": 0.0020614306328592042, "11": 0.0, "12": 0.0035044320758606472, "13": 0.0, "14": 0.0006184291898577612, "15": 0.0, "16": 0.0, "17": 0.0009276437847866418, "18": 0.0006184291898577612, "19": 0.0012368583797155224, "20": 0.0003092145949288806, "21": 0.002886002886002886, "22": 0.0, "23": 0.0010307153164296021, "24": 0.0, "25": 0.0, "26": 0.0, "27": 0.0006184291898577612, "28": 0.0005153576582148011, "29": 0.0003092145949288806, "30": 0.0, "31": 0.001546072974644403, "32": 0.0, "33": 0.0, "34": 0.00041228612657184083, "35": 0.0, "36": 0.0, "37": 0.0, "38": 0.0, "39": 0.0006184291898577612, "40": 0.0012368583797155224, "41": 0.0008245722531436817, "42": 0.001546072974644403, "43": 0.0010307153164296021, "44": 0.0005153576582148011, "45": 0.0003092145949288806, "46": 0.0, "47": 0.0, "48": 0.00041228612657184083, "49": 0.0016491445062873633, "50": 0.0, "51": 0.0, "52": 0.00041228612657184083, "53": 0.0, "54": 0.0, "55": 0.0, "56": 0.0, "57": 0.0, "58": 0.0, "59": 0.00041228612657184083, "60": 0.0, "61": 0.0, "62": 0.0, "63": 0.0, "64": 0.0, "65": 0.0, "66": 0.0, "67": 0.0, "68": 0.0, "69": 0.0, "70": 0.0, "71": 0.0, "72": 0.0, "73": 0.0, "74": 0.0006184291898577612, "75": 0.0, "76": 0.0, "77": 0.0, "78": 0.0, "79": 0.0, "80": 0.0006184291898577612, "81": 0.0, "82": 0.0, "83": 0.0, "84": 0.0, "85": 0.0, "86": 0.0, "87": 0.0, "88": 0.0, "89": 0.0, "90": 0.0, "91": 0.0, "92": 0.0, "93": 0.0005153576582148011, "94": 0.0, "95": 0.0, "96": 0.0, "97": 0.0, "98": 0.0, "99": 0.0}
