{"0": 0.26902173913043476, "1": 0.3606323457624573, "2": 0.04499540863177227, "3": 0.0777000777000777, "4": 0.1048759196907345, "5": 0.010101010101010102, "6": 0.14160839160839161, "7": 0.01346801346801347, "8": 0.04949494949494949, "9": 0.0, "10": 0.059417706476530004, "11": 0.0, "12": 0.10425685425685424, "13": 0.0, "14": 0.020202020202020204, "15": 0.0, "16": 0.0, "17": 0.022727272727272728, "18": 0.030303030303030304, "19": 0.030303030303030304, "20": 0.010101010101010102, "21": 0.04499540863177227, "22": 0.0, "23": 0.01346801346801347, "24": 0.0, "25": 0.0, "26": 0.0, "27": 0.020202020202020204, "28": 0.010101010101010102, "29": 0.010101010101010102, "30": 0.0, "31": 0.03156565656565657, "32": 0.0, "33": 0.0, "34": 0.010101010101010102, "35": 0.0, "36": 0.0, "37": 0.0, "38": 0.0, "39": 0.020202020202020204, "40": 0.022727272727272728, "41": 0.01346801346801347, "42": 0.025252525252525252, "43": 0.01346801346801347, "44": 0.010101010101010102, "45": 0.010101010101010102, "46": 0.0, "47": 0.0, "48": 0.020202020202020204, "49": 0.03232323232323233, "50": 0.0, "51": 0.0, "52": 0.010101010101010102, "53": 0.0, "54": 0.0, "55": 0.0, "56": 0.0, "57": 0.0, "58": 0.0, "59": 0.010101010101010102, "60": 0.0, "61": 0.0, "62": 0.0, "63": 0.0, "64": 0.0, "65": 0.0, "66": 0.0, "67": 0.0, "68": 0.0, "69": 0.0, "70": 0.0, "71": 0.0, "72": 0.0, "73": 0.0, "74": 0.010101010101010102, "75": 0.0, "76": 0.0, "77": 0.0, "78": 0.0, "79": 0.0, "80": 0.010101010101010102, "81": 0.0, "82": 0.0, "83": 0.0, "84": 0.0, "85": 0.0, "86": 0.0, "87": 0.0, "88": 0.0, "89": 0.0, "90": 0.0, "91": 0.0, "92": 0.0, "93": 0.010101010101010102, "94": 0.0, "95": 0.0, "96": 0.0, "97": 0.0, "98": 0.0, "99": 0.0}
