{"0": 0.0, "1": 0.06666666666666667, "2": 0.2, "3": 0.125, "4": 0.3333333333333333, "5": 0.5, "6": 0.1, "7": 0.5, "8": 0.16666666666666666, "9": 1.0, "10": 0.2, "11": 1.0, "12": 0.1, "13": 1.0, "14": 0.3333333333333333, "15": 1.0, "16": 1.0, "17": 0.3333333333333333, "18": 0.25, "19": 0.25, "20": 0.5, "21": 0.2, "22": 1.0, "23": 0.5, "24": 1.0, "25": 1.0, "26": 1.0, "27": 0.3333333333333333, "28": 0.5, "29": 0.5, "30": 1.0, "31": 0.25, "32": 1.0, "33": 1.0, "34": 0.5, "35": 1.0, "36": 1.0, "37": 1.0, "38": 1.0, "39": 0.3333333333333333, "40": 0.5, "41": 0.5, "42": 0.5, "43": 0.5, "44": 0.5, "45": 0.5, "46": 1.0, "47": 1.0, "48": 0.3333333333333333, "49": 0.25, "50": 1.0, "51": 1.0, "52": 0.5, "53": 1.0, "54": 1.0, "55": 1.0, "56": 1.0, "57": 1.0, "58": 1.0, "59": 0.5, "60": 1.0, "61": 1.0, "62": 1.0, "63": 1.0, "64": 1.0, "65": 1.0, "66": 1.0, "67": 1.0, "68": 1.0, "69": 1.0, "70": 1.0, "71": 1.0, "72": 1.0, "73": 1.0, "74": 0.5, "75": 1.0, "76": 1.0, "77": 1.0, "78": 1.0, "79": 1.0, "80": 0.5, "81": 1.0, "82": 1.0, "83": 1.0, "84": 1.0, "85": 1.0, "86": 1.0, "87": 1.0, "88": 1.0, "89": 1.0, "90": 1.0, "91": 1.0, "92": 1.0, "93": 0.5, "94": 1.0, "95": 1.0, "96": 1.0, "97": 1.0, "98": 1.0, "99": 1.0}