{"0": 1.0, "1": 1.5, "2": 1.75, "3": 1.75, "4": 1.75, "5": 1.875, "6": 1.875, "7": 1.875, "8": 1.9375, "9": 1.75, "10": 1.75, "11": 1.9375, "12": 1.75, "13": 1.875, "14": 1.875, "15": 1.96875, "16": 1.875, "17": 1.875, "18": 1.75, "19": 1.9375, "20": 1.875, "21": 1.9375, "22": 1.9375, "23": 1.96875, "24": 1.75, "25": 1.875, "26": 1.875, "27": 1.875, "28": 1.96875, "29": 1.875, "30": 1.875, "31": 1.875, "32": 1.9375, "33": 1.9375, "34": 1.9375, "35": 1.875, "36": 1.96875, "37": 1.9375, "38": 1.9375, "39": 1.875, "40": 1.75, "41": 1.9375, "42": 1.875, "43": 1.96875, "44": 1.96875, "45": 1.875, "46": 1.9375, "47": 1.9375, "48": 1.75, "49": 1.9375, "50": 1.875, "51": 1.984375, "52": 1.9375, "53": 1.984375, "54": 1.875, "55": 1.875, "56": 1.9375, "57": 1.875, "58": 1.9375, "59": 1.9375, "60": 1.9375, "61": 1.75, "62": 1.875, "63": 1.875, "64": 1.96875, "65": 1.96875, "66": 1.96875, "67": 1.96875, "68": 1.9375, "69": 1.96875, "70": 1.96875, "71": 1.875, "72": 1.96875, "73": 1.96875, "74": 1.984375, "75": 1.9375, "76": 1.75, "77": 1.9375, "78": 1.75, "79": 1.875, "80": 1.984375, "81": 1.875, "82": 1.96875, "83": 1.75, "84": 1.96875, "85": 1.875, "86": 1.875, "87": 1.9375, "88": 1.875, "89": 1.9921875, "90": 1.9921875, "91": 1.9375, "92": 1.875, "93": 1.96875, "94": 1.9375, "95": 1.875, "96": 1.96875, "97": 1.9375, "98": 1.96875, "99": 1.984375}
