{"0": 0.010101010101010102, "1": 0.15151515151515152, "2": 0.05050505050505051, "3": 0.08080808080808081, "4": 0.030303030303030304, "5": 0.020202020202020204, "6": 0.10101010101010102, "7": 0.020202020202020204, "8": 0.06060606060606061, "9": 0.010101010101010102, "10": 0.05050505050505051, "11": 0.010101010101010102, "12": 0.10101010101010102, "13": 0.010101010101010102, "14": 0.030303030303030304, "15": 0.010101010101010102, "16": 0.010101010101010102, "17": 0.030303030303030304, "18": 0.04040404040404041, "19": 0.04040404040404041, "20": 0.020202020202020204, "21": 0.05050505050505051, "22": 0.010101010101010102, "23": 0.020202020202020204, "24": 0.010101010101010102, "25": 0.010101010101010102, "26": 0.010101010101010102, "27": 0.030303030303030304, "28": 0.020202020202020204, "29": 0.020202020202020204, "30": 0.010101010101010102, "31": 0.04040404040404041, "32": 0.010101010101010102, "33": 0.010101010101010102, "34": 0.020202020202020204, "35": 0.010101010101010102, "36": 0.010101010101010102, "37": 0.010101010101010102, "38": 0.010101010101010102, "39": 0.030303030303030304, "40": 0.020202020202020204, "41": 0.020202020202020204, "42": 0.020202020202020204, "43": 0.020202020202020204, "44": 0.020202020202020204, "45": 0.020202020202020204, "46": 0.010101010101010102, "47": 0.010101010101010102, "48": 0.030303030303030304, "49": 0.04040404040404041, "50": 0.010101010101010102, "51": 0.010101010101010102, "52": 0.020202020202020204, "53": 0.010101010101010102, "54": 0.010101010101010102, "55": 0.010101010101010102, "56": 0.010101010101010102, "57": 0.010101010101010102, "58": 0.010101010101010102, "59": 0.020202020202020204, "60": 0.010101010101010102, "61": 0.010101010101010102, "62": 0.010101010101010102, "63": 0.010101010101010102, "64": 0.010101010101010102, "65": 0.010101010101010102, "66": 0.010101010101010102, "67": 0.010101010101010102, "68": 0.010101010101010102, "69": 0.010101010101010102, "70": 0.010101010101010102, "71": 0.010101010101010102, "72": 0.010101010101010102, "73": 0.010101010101010102, "74": 0.020202020202020204, "75": 0.010101010101010102, "76": 0.010101010101010102, "77": 0.010101010101010102, "78": 0.010101010101010102, "79": 0.010101010101010102, "80": 0.020202020202020204, "81": 0.010101010101010102, "82": 0.010101010101010102, "83": 0.010101010101010102, "84": 0.010101010101010102, "85": 0.010101010101010102, "86": 0.010101010101010102, "87": 0.010101010101010102, "88": 0.010101010101010102, "89": 0.010101010101010102, "90": 0.010101010101010102, "91": 0.010101010101010102, "92": 0.010101010101010102, "93": 0.020202020202020204, "94": 0.010101010101010102, "95": 0.010101010101010102, "96": 0.010101010101010102, "97": 0.010101010101010102, "98": 0.010101010101010102, "99": 0.010101010101010102}
