{"0": 1, "1": 16, "2": 20, "3": 23, "4": 18, "5": 10, "6": 13, "7": 7, "8": 16, "9": 16, "10": 20, "11": 3, "12": 25, "13": 6, "14": 8, "15": 7, "16": 4, "17": 8, "18": 19, "19": 14, "20": 12, "21": 15, "22": 4, "23": 8, "24": 16, "25": 6, "26": 11, "27": 13, "28": 7, "29": 7, "30": 5, "31": 14, "32": 11, "33": 11, "34": 4, "35": 5, "36": 6, "37": 11, "38": 3, "39": 11, "40": 17, "41": 6, "42": 4, "43": 7, "44": 4, "45": 7, "46": 5, "47": 4, "48": 18, "49": 6, "50": 11, "51": 3, "52": 12, "53": 3, "54": 9, "55": 9, "56": 3, "57": 5, "58": 4, "59": 5, "60": 11, "61": 16, "62": 11, "63": 9, "64": 6, "65": 5, "66": 3, "67": 3, "68": 4, "69": 5, "70": 3, "71": 4, "72": 5, "73": 5, "74": 4, "75": 11, "76": 16, "77": 4, "78": 16, "79": 11, "80": 4, "81": 4, "82": 7, "83": 16, "84": 7, "85": 11, "86": 9, "87": 3, "88": 11, "89": 3, "90": 3, "91": 4, "92": 6, "93": 6, "94": 5, "95": 9, "96": 7, "97": 4, "98": 5, "99": 3}
