{"0": 10.955602588034525, "1": 10.431469433397769, "2": 10.924892219094065, "3": 10.818520556874022, "4": 10.939363194076527, "5": 11.042477225454066, "6": 10.68371072930862, "7": 11.031118595075727, "8": 10.916094531160105, "9": 11.07734823933326, "10": 10.88605018763561, "11": 11.072779318782164, "12": 10.70995319539106, "13": 11.073716126648135, "14": 11.010896519588686, "15": 11.073867605250259, "16": 11.073716126648135, "17": 10.999417669843368, "18": 10.985741197484074, "19": 10.981487417515794, "20": 11.042477225454066, "21": 10.939803555657917, "22": 11.072779318782164, "23": 11.04273128915154, "24": 11.07734823933326, "25": 11.073716126648135, "26": 11.073716126648135, "27": 11.010896519588687, "28": 11.046552138505215, "29": 11.042477225454066, "30": 11.073716126648135, "31": 10.966892871255437, "32": 11.072779318782166, "33": 11.072779318782166, "34": 11.04263398107488, "35": 11.073716126648135, "36": 11.07386760525026, "37": 11.072779318782164, "38": 11.072779318782164, "39": 11.010896519588687, "40": 11.02811275844267, "41": 11.034239362678948, "42": 11.008743775306877, "43": 11.042731289151542, "44": 11.046552138505215, "45": 11.042477225454066, "46": 11.072779318782166, "47": 11.072779318782166, "48": 11.016585981494648, "49": 10.973153250181323, "50": 11.073716126648135, "51": 11.076588801737435, "52": 11.042633981074882, "53": 11.076588801737435, "54": 11.073716126648135, "55": 11.073716126648135, "56": 11.072779318782166, "57": 11.073716126648135, "58": 11.072779318782166, "59": 11.042633981074882, "60": 11.072779318782166, "61": 11.07734823933326, "62": 11.073716126648135, "63": 11.073716126648135, "64": 11.073867605250259, "65": 11.073867605250259, "66": 11.073867605250259, "67": 11.073867605250259, "68": 11.072779318782166, "69": 11.073867605250259, "70": 11.073867605250259, "71": 11.073716126648135, "72": 11.073867605250259, "73": 11.073867605250259, "74": 11.053603084810902, "75": 11.072779318782164, "76": 11.07734823933326, "77": 11.072779318782164, "78": 11.07734823933326, "79": 11.073716126648135, "80": 11.053603084810899, "81": 11.073716126648135, "82": 11.073867605250259, "83": 11.07734823933326, "84": 11.073867605250259, "85": 11.073716126648135, "86": 11.073716126648135, "87": 11.072779318782164, "88": 11.073716126648135, "89": 11.080685518818274, "90": 11.080685518818274, "91": 11.072779318782164, "92": 11.073716126648135, "93": 11.046552138505213, "94": 11.072779318782164, "95": 11.073716126648135, "96": 11.073867605250259, "97": 11.072779318782164, "98": 11.073867605250259, "99": 11.076588801737435}