{"0": 30.085714285714268, "1": 44.75000000000001, "2": 5.333333333333333, "3": 8.5, "4": 11.983333333333334, "5": 1.0, "6": 17.0, "7": 1.5, "8": 5.833333333333333, "9": 0, "10": 6.833333333333333, "11": 0, "12": 12.583333333333332, "13": 0, "14": 2.0, "15": 0, "16": 0, "17": 2.5, "18": 3.0, "19": 3.0, "20": 1.0, "21": 5.333333333333333, "22": 0, "23": 1.5, "24": 0, "25": 0, "26": 0, "27": 2.0, "28": 1.0, "29": 1.0, "30": 0, "31": 3.8333333333333335, "32": 0, "33": 0, "34": 1.0, "35": 0, "36": 0, "37": 0, "38": 0, "39": 2.0, "40": 2.75, "41": 1.5, "42": 2.8333333333333335, "43": 1.5, "44": 1.0, "45": 1.0, "46": 0, "47": 0, "48": 2.0, "49": 3.5, "50": 0, "51": 0, "52": 1.0, "53": 0, "54": 0, "55": 0, "56": 0, "57": 0, "58": 0, "59": 1.0, "60": 0, "61": 0, "62": 0, "63": 0, "64": 0, "65": 0, "66": 0, "67": 0, "68": 0, "69": 0, "70": 0, "71": 0, "72": 0, "73": 0, "74": 1.0, "75": 0, "76": 0, "77": 0, "78": 0, "79": 0, "80": 1.0, "81": 0, "82": 0, "83": 0, "84": 0, "85": 0, "86": 0, "87": 0, "88": 0, "89": 0, "90": 0, "91": 0, "92": 0, "93": 1.0, "94": 0, "95": 0, "96": 0, "97": 0, "98": 0, "99": 0}