{"0": 3.7171717171717176, "1": 2.5250956742210384, "2": 21.669908371511873, "3": 12.52338660974594, "4": 8.610774914930909, "5": 92.56499999999998, "6": 6.108220666167554, "7": 63.13775510204081, "8": 19.027126900142775, "9": -2.7729071220324863, "10": 16.275418575593505, "11": -98.99999999999999, "12": 9.314404789526858, "13": -16.830000000000002, "14": 43.88999999999999, "15": -20.204081632653065, "16": -9.535077288941737, "17": 38.39, "18": 32.30677321949188, "19": 31.23456790123457, "20": 94.20415224913494, "21": 20.812144116906023, "22": -49.49999999999999, "23": 64.14795918367346, "24": -2.7729071220324863, "25": -22.22448979591837, "26": -9.591695501730106, "27": 46.302768166089955, "28": 87.8877551020408, "29": 90.58499999999998, "30": -33.0, "31": 29.282076124567475, "32": -7.061728395061728, "33": -7.061728395061728, "34": 61.874999999999986, "35": -33.0, "36": -22.22448979591837, "37": -7.061728395061728, "38": -98.99999999999999, "39": 45.209999999999994, "40": 42.613546438983754, "41": 58.41, "42": 17.6, "43": 63.13775510204081, "44": 61.874999999999986, "45": 87.8877551020408, "46": -31.68, "47": -49.49999999999999, "48": 48.575697625989164, "49": 21.037499999999994, "50": -9.591695501730106, "51": -98.99999999999999, "52": 95.46913580246913, "53": -98.99999999999999, "54": -12.870000000000001, "55": -12.870000000000001, "56": -98.99999999999999, "57": -33.0, "58": -44.0, "59": 76.99999999999999, "60": -7.061728395061728, "61": -2.7729071220324863, "62": -9.591695501730106, "63": -12.870000000000001, "64": -22.22448979591837, "65": -30.937499999999993, "66": -98.99999999999999, "67": -98.99999999999999, "68": -49.49999999999999, "69": -33.0, "70": -98.99999999999999, "71": -49.49999999999999, "72": -33.0, "73": -30.937499999999993, "74": 61.874999999999986, "75": -7.061728395061728, "76": -2.7729071220324863, "77": -49.49999999999999, "78": -2.7729071220324863, "79": -9.591695501730106, "80": 61.874999999999986, "81": -49.49999999999999, "82": -20.204081632653065, "83": -2.7729071220324863, "84": -20.204081632653065, "85": -9.591695501730106, "86": -12.870000000000001, "87": -98.99999999999999, "88": -9.591695501730106, "89": -98.99999999999999, "90": -98.99999999999999, "91": -49.49999999999999, "92": -22.22448979591837, "93": 83.53124999999999, "94": -31.68, "95": -12.870000000000001, "96": -20.204081632653065, "97": -49.49999999999999, "98": -33.0, "99": -98.99999999999999}
