{"0": 0.112117751572695, "1": 0.24168136811776825, "2": 0.12497642757055025, "3": 0.15215286396696123, "4": 0.11462651483550285, "5": 0.09674459558592911, "6": 0.17881919249573733, "7": 0.09762409190943756, "8": 0.13289189448212627, "9": 0.08794963235084464, "10": 0.1276149165410756, "11": 0.08794963235084464, "12": 0.17247802400324144, "13": 0.08794963235084464, "14": 0.10553955882101357, "15": 0.08794963235084464, "16": 0.08794963235084464, "17": 0.10641905514452202, "18": 0.11433452205609804, "19": 0.11433452205609804, "20": 0.09674459558592911, "21": 0.12497642757055025, "22": 0.08794963235084464, "23": 0.09762409190943756, "24": 0.08794963235084464, "25": 0.08794963235084464, "26": 0.08794963235084464, "27": 0.10553955882101357, "28": 0.09674459558592911, "29": 0.09674459558592911, "30": 0.08794963235084464, "31": 0.11530196801195733, "32": 0.08794963235084464, "33": 0.08794963235084464, "34": 0.09674459558592911, "35": 0.08794963235084464, "36": 0.08794963235084464, "37": 0.08794963235084464, "38": 0.08794963235084464, "39": 0.10553955882101357, "40": 0.09789673576972517, "41": 0.09762409190943756, "42": 0.09947103418880529, "43": 0.09762409190943756, "44": 0.09674459558592911, "45": 0.09674459558592911, "46": 0.08794963235084464, "47": 0.08794963235084464, "48": 0.10553955882101357, "49": 0.11521401837960649, "50": 0.08794963235084464, "51": 0.08794963235084464, "52": 0.09674459558592911, "53": 0.08794963235084464, "54": 0.08794963235084464, "55": 0.08794963235084464, "56": 0.08794963235084464, "57": 0.08794963235084464, "58": 0.08794963235084464, "59": 0.09674459558592911, "60": 0.08794963235084464, "61": 0.08794963235084464, "62": 0.08794963235084464, "63": 0.08794963235084464, "64": 0.08794963235084464, "65": 0.08794963235084464, "66": 0.08794963235084464, "67": 0.08794963235084464, "68": 0.08794963235084464, "69": 0.08794963235084464, "70": 0.08794963235084464, "71": 0.08794963235084464, "72": 0.08794963235084464, "73": 0.08794963235084464, "74": 0.09674459558592911, "75": 0.08794963235084464, "76": 0.08794963235084464, "77": 0.08794963235084464, "78": 0.08794963235084464, "79": 0.08794963235084464, "80": 0.09674459558592911, "81": 0.08794963235084464, "82": 0.08794963235084464, "83": 0.08794963235084464, "84": 0.08794963235084464, "85": 0.08794963235084464, "86": 0.08794963235084464, "87": 0.08794963235084464, "88": 0.08794963235084464, "89": 0.08794963235084464, "90": 0.08794963235084464, "91": 0.08794963235084464, "92": 0.08794963235084464, "93": 0.09674459558592911, "94": 0.08794963235084464, "95": 0.08794963235084464, "96": 0.08794963235084464, "97": 0.08794963235084464, "98": 0.08794963235084464, "99": 0.08794963235084464}