{"0": 0.08725407814261071, "1": 0.0528958289290257, "2": 0.030607210665440216, "3": 0.03682674788732992, "4": 0.02829483485523541, "5": 0.02154640115287058, "6": 0.046458423381070736, "7": 0.024692134242617583, "8": 0.03493892891050944, "9": 0.011640587619391738, "10": 0.03154929423846947, "11": 0.01778161449037969, "12": 0.040542791413315016, "13": 0.013552502734668613, "14": 0.02673198514007688, "15": 0.014055617950330841, "16": 0.01243555107646123, "17": 0.02817726346295284, "18": 0.02667910734684503, "19": 0.028390369906281094, "20": 0.020631229102612635, "21": 0.033106361357985656, "22": 0.016356632930405256, "23": 0.024670754072257252, "24": 0.011640587619391992, "25": 0.014067104737470795, "26": 0.012898479604370674, "27": 0.025526376807303276, "28": 0.022345244381292134, "29": 0.021586996994913905, "30": 0.015531183430501532, "31": 0.030817063695699365, "32": 0.012459321553890774, "33": 0.012459321553890774, "34": 0.025856527940178984, "35": 0.015531183430501532, "36": 0.014067104737470795, "37": 0.012459321553890648, "38": 0.017781614490379943, "39": 0.026680612128557903, "40": 0.02249341080591938, "41": 0.0257456510987703, "42": 0.02962585009416899, "43": 0.02469213424261746, "44": 0.025856527940178606, "45": 0.022345244381292134, "46": 0.014629682473715043, "47": 0.016356632930405384, "48": 0.023267676039172167, "49": 0.034724749791203824, "50": 0.012898479604370674, "51": 0.01778161449037969, "52": 0.019994790373916875, "53": 0.01778161449037969, "54": 0.013524848916346522, "55": 0.013524848916346522, "56": 0.017781614490379814, "57": 0.015531183430501532, "58": 0.015564476600405374, "59": 0.024579538175323948, "60": 0.012459321553890648, "61": 0.011640587619392118, "62": 0.012898479604370548, "63": 0.013524848916346522, "64": 0.014067104737470795, "65": 0.015002312355297785, "66": 0.01778161449037956, "67": 0.017781614490379436, "68": 0.01635663293040513, "69": 0.015531183430501406, "70": 0.01778161449037969, "71": 0.016356632930405002, "72": 0.01553118343050191, "73": 0.015002312355297531, "74": 0.025856527940179237, "75": 0.012459321553890899, "76": 0.011640587619391992, "77": 0.016356632930405002, "78": 0.011640587619392243, "79": 0.012898479604370548, "80": 0.025856527940178734, "81": 0.016356632930405384, "82": 0.014055617950330715, "83": 0.011640587619391992, "84": 0.014055617950330841, "85": 0.0128984796043708, "86": 0.01352484891634627, "87": 0.017781614490379436, "88": 0.012898479604370927, "89": 0.01778161449037969, "90": 0.01778161449037956, "91": 0.016356632930405002, "92": 0.014067104737470415, "93": 0.023736101068472754, "94": 0.014629682473715296, "95": 0.01352484891634627, "96": 0.014055617950330841, "97": 0.01635663293040513, "98": 0.015531183430501532, "99": 0.01778161449037969}