{"0": 0, "1": 0.875, "2": -0.5, "3": -0.30434782608695654, "4": -0.6666666666666666, "5": -0.6, "6": 0.5384615384615384, "7": -0.42857142857142855, "8": -0.25, "9": -0.875, "10": -0.5, "11": -0.3333333333333333, "12": -0.2, "13": -0.6666666666666666, "14": -0.25, "15": -0.7142857142857143, "16": -0.5, "17": -0.25, "18": -0.5789473684210527, "19": -0.42857142857142855, "20": -0.6666666666666666, "21": -0.3333333333333333, "22": -0.5, "23": -0.5, "24": -0.875, "25": -0.6666666666666666, "26": -0.8181818181818182, "27": -0.5384615384615384, "28": -0.42857142857142855, "29": -0.42857142857142855, "30": -0.6, "31": -0.42857142857142855, "32": -0.8181818181818182, "33": -0.8181818181818182, "34": 0.0, "35": -0.6, "36": -0.6666666666666666, "37": -0.8181818181818182, "38": -0.3333333333333333, "39": -0.45454545454545453, "40": -0.7647058823529411, "41": -0.3333333333333333, "42": 0.0, "43": -0.42857142857142855, "44": 0.0, "45": -0.42857142857142855, "46": -0.6, "47": -0.5, "48": -0.6666666666666666, "49": 0.3333333333333333, "50": -0.8181818181818182, "51": -0.3333333333333333, "52": -0.6666666666666666, "53": -0.3333333333333333, "54": -0.7777777777777778, "55": -0.7777777777777778, "56": -0.3333333333333333, "57": -0.6, "58": -0.5, "59": -0.2, "60": -0.8181818181818182, "61": -0.875, "62": -0.8181818181818182, "63": -0.7777777777777778, "64": -0.6666666666666666, "65": -0.6, "66": -0.3333333333333333, "67": -0.3333333333333333, "68": -0.5, "69": -0.6, "70": -0.3333333333333333, "71": -0.5, "72": -0.6, "73": -0.6, "74": 0.0, "75": -0.8181818181818182, "76": -0.875, "77": -0.5, "78": -0.875, "79": -0.8181818181818182, "80": 0.0, "81": -0.5, "82": -0.7142857142857143, "83": -0.875, "84": -0.7142857142857143, "85": -0.8181818181818182, "86": -0.7777777777777778, "87": -0.3333333333333333, "88": -0.8181818181818182, "89": -0.3333333333333333, "90": -0.3333333333333333, "91": -0.5, "92": -0.6666666666666666, "93": -0.3333333333333333, "94": -0.6, "95": -0.7777777777777778, "96": -0.7142857142857143, "97": -0.5, "98": -0.6, "99": -0.3333333333333333}
