{"0": 0, "1": 1.0, "2": 1.3333333333333333, "3": 1.3333333333333333, "4": 1.3333333333333333, "5": 1.5, "6": 1.5, "7": 1.5, "8": 1.6, "9": 1.3333333333333333, "10": 1.3333333333333333, "11": 1.6, "12": 1.3333333333333333, "13": 1.5, "14": 1.5, "15": 1.6666666666666667, "16": 1.5, "17": 1.5, "18": 1.3333333333333333, "19": 1.6, "20": 1.5, "21": 1.6, "22": 1.6, "23": 1.6666666666666667, "24": 1.3333333333333333, "25": 1.5, "26": 1.5, "27": 1.5, "28": 1.6666666666666667, "29": 1.5, "30": 1.5, "31": 1.5, "32": 1.6, "33": 1.6, "34": 1.6, "35": 1.5, "36": 1.6666666666666667, "37": 1.6, "38": 1.6, "39": 1.5, "40": 1.3333333333333333, "41": 1.6, "42": 1.5, "43": 1.6666666666666667, "44": 1.6666666666666667, "45": 1.5, "46": 1.6, "47": 1.6, "48": 1.3333333333333333, "49": 1.6, "50": 1.5, "51": 1.7142857142857142, "52": 1.6, "53": 1.7142857142857142, "54": 1.5, "55": 1.5, "56": 1.6, "57": 1.5, "58": 1.6, "59": 1.6, "60": 1.6, "61": 1.3333333333333333, "62": 1.5, "63": 1.5, "64": 1.6666666666666667, "65": 1.6666666666666667, "66": 1.6666666666666667, "67": 1.6666666666666667, "68": 1.6, "69": 1.6666666666666667, "70": 1.6666666666666667, "71": 1.5, "72": 1.6666666666666667, "73": 1.6666666666666667, "74": 1.7142857142857142, "75": 1.6, "76": 1.3333333333333333, "77": 1.6, "78": 1.3333333333333333, "79": 1.5, "80": 1.7142857142857142, "81": 1.5, "82": 1.6666666666666667, "83": 1.3333333333333333, "84": 1.6666666666666667, "85": 1.5, "86": 1.5, "87": 1.6, "88": 1.5, "89": 1.75, "90": 1.75, "91": 1.6, "92": 1.5, "93": 1.6666666666666667, "94": 1.6, "95": 1.5, "96": 1.6666666666666667, "97": 1.6, "98": 1.6666666666666667, "99": 1.7142857142857142}
