{"0": 0.16108880056560168, "1": 0.1861550879121029, "2": 0.018535497217299107, "3": 0.02616503456039327, "4": 0.056351014011038, "5": 0.005308702897969236, "6": 0.06005785217844574, "7": 0.007382148829681456, "8": 0.01890138359680145, "9": 0.0028693705867546744, "10": 0.024755835012435765, "11": 0.0028693705867546744, "12": 0.040522931056078765, "13": 0.0028693705867546744, "14": 0.007748035209183797, "15": 0.0028693705867546744, "16": 0.0028693705867546744, "17": 0.009821481140896017, "18": 0.010187367520398359, "19": 0.010187367520398359, "20": 0.005308702897969236, "21": 0.018535497217299107, "22": 0.0028693705867546744, "23": 0.007382148829681456, "24": 0.0028693705867546744, "25": 0.0028693705867546744, "26": 0.0028693705867546744, "27": 0.007748035209183797, "28": 0.005308702897969236, "29": 0.005308702897969236, "30": 0.0028693705867546744, "31": 0.014022718974372324, "32": 0.0028693705867546744, "33": 0.0028693705867546744, "34": 0.005308702897969236, "35": 0.0028693705867546744, "36": 0.0028693705867546744, "37": 0.0028693705867546744, "38": 0.0028693705867546744, "39": 0.007748035209183797, "40": 0.01416485395232466, "41": 0.007382148829681456, "42": 0.01329094621536764, "43": 0.007382148829681456, "44": 0.005308702897969236, "45": 0.005308702897969236, "46": 0.0028693705867546744, "47": 0.0028693705867546744, "48": 0.007748035209183797, "49": 0.012260813452110579, "50": 0.0028693705867546744, "51": 0.0028693705867546744, "52": 0.005308702897969236, "53": 0.0028693705867546744, "54": 0.0028693705867546744, "55": 0.0028693705867546744, "56": 0.0028693705867546744, "57": 0.0028693705867546744, "58": 0.0028693705867546744, "59": 0.005308702897969236, "60": 0.0028693705867546744, "61": 0.0028693705867546744, "62": 0.0028693705867546744, "63": 0.0028693705867546744, "64": 0.0028693705867546744, "65": 0.0028693705867546744, "66": 0.0028693705867546744, "67": 0.0028693705867546744, "68": 0.0028693705867546744, "69": 0.0028693705867546744, "70": 0.0028693705867546744, "71": 0.0028693705867546744, "72": 0.0028693705867546744, "73": 0.0028693705867546744, "74": 0.005308702897969236, "75": 0.0028693705867546744, "76": 0.0028693705867546744, "77": 0.0028693705867546744, "78": 0.0028693705867546744, "79": 0.0028693705867546744, "80": 0.005308702897969236, "81": 0.0028693705867546744, "82": 0.0028693705867546744, "83": 0.0028693705867546744, "84": 0.0028693705867546744, "85": 0.0028693705867546744, "86": 0.0028693705867546744, "87": 0.0028693705867546744, "88": 0.0028693705867546744, "89": 0.0028693705867546744, "90": 0.0028693705867546744, "91": 0.0028693705867546744, "92": 0.0028693705867546744, "93": 0.005308702897969236, "94": 0.0028693705867546744, "95": 0.0028693705867546744, "96": 0.0028693705867546744, "97": 0.0028693705867546744, "98": 0.0028693705867546744, "99": 0.0028693705867546744}