{"0": 0.26902173913043476, "1": 0.5353260869565217, "2": 0.0625, "3": 0.08695652173913043, "4": 0.2418478260869565, "5": 0.019021739130434784, "6": 0.3016304347826087, "7": 0.029891304347826088, "8": 0.10597826086956522, "9": 0.005434782608695652, "10": 0.08695652173913043, "11": 0.010869565217391304, "12": 0.14402173913043478, "13": 0.008152173913043478, "14": 0.029891304347826088, "15": 0.01358695652173913, "16": 0.008152173913043478, "17": 0.04076086956521739, "18": 0.029891304347826088, "19": 0.051630434782608696, "20": 0.019021739130434784, "21": 0.10597826086956522, "22": 0.010869565217391304, "23": 0.04619565217391304, "24": 0.005434782608695652, "25": 0.008152173913043478, "26": 0.008152173913043478, "27": 0.029891304347826088, "28": 0.029891304347826088, "29": 0.019021739130434784, "30": 0.008152173913043478, "31": 0.0625, "32": 0.010869565217391304, "33": 0.010869565217391304, "34": 0.024456521739130436, "35": 0.008152173913043478, "36": 0.01358695652173913, "37": 0.010869565217391304, "38": 0.010869565217391304, "39": 0.029891304347826088, "40": 0.05434782608695652, "41": 0.03804347826086957, "42": 0.0625, "43": 0.04619565217391304, "44": 0.029891304347826088, "45": 0.019021739130434784, "46": 0.010869565217391304, "47": 0.010869565217391304, "48": 0.021739130434782608, "49": 0.06521739130434782, "50": 0.008152173913043478, "51": 0.016304347826086956, "52": 0.024456521739130436, "53": 0.016304347826086956, "54": 0.008152173913043478, "55": 0.008152173913043478, "56": 0.010869565217391304, "57": 0.008152173913043478, "58": 0.010869565217391304, "59": 0.024456521739130436, "60": 0.010869565217391304, "61": 0.005434782608695652, "62": 0.008152173913043478, "63": 0.008152173913043478, "64": 0.01358695652173913, "65": 0.01358695652173913, "66": 0.01358695652173913, "67": 0.01358695652173913, "68": 0.010869565217391304, "69": 0.01358695652173913, "70": 0.01358695652173913, "71": 0.008152173913043478, "72": 0.01358695652173913, "73": 0.01358695652173913, "74": 0.035326086956521736, "75": 0.010869565217391304, "76": 0.005434782608695652, "77": 0.010869565217391304, "78": 0.005434782608695652, "79": 0.008152173913043478, "80": 0.035326086956521736, "81": 0.008152173913043478, "82": 0.01358695652173913, "83": 0.005434782608695652, "84": 0.01358695652173913, "85": 0.008152173913043478, "86": 0.008152173913043478, "87": 0.010869565217391304, "88": 0.008152173913043478, "89": 0.019021739130434784, "90": 0.019021739130434784, "91": 0.010869565217391304, "92": 0.008152173913043478, "93": 0.029891304347826088, "94": 0.010869565217391304, "95": 0.008152173913043478, "96": 0.01358695652173913, "97": 0.010869565217391304, "98": 0.01358695652173913, "99": 0.016304347826086956}