{"79": 0.0016666666666666668, "10": 0.005, "23": 8.333333333333333e-05, "68": 0.0004166666666666667, "38": 0.0004166666666666667, "74": 1.388888888888889e-05, "86": 0.0016666666666666668, "55": 0.0016666666666666668, "39": 0.0016666666666666668, "8": 0.0004166666666666667, "88": 0.0016666666666666668, "0": 0.01, "32": 0.0004166666666666667, "76": 0.005, "93": 8.333333333333333e-05, "64": 8.333333333333333e-05, "62": 0.0016666666666666668, "16": 0.0016666666666666668, "46": 0.0004166666666666667, "58": 0.0004166666666666667, "59": 0.0004166666666666667, "87": 0.0004166666666666667, "14": 0.0016666666666666668, "34": 0.0004166666666666667, "91": 0.0004166666666666667, "61": 0.005, "30": 0.0016666666666666668, "53": 1.388888888888889e-05, "56": 0.0004166666666666667, "3": 0.005, "20": 0.0016666666666666668, "27": 0.0016666666666666668, "43": 8.333333333333333e-05, "33": 0.0004166666666666667, "36": 8.333333333333333e-05, "17": 0.0016666666666666668, "29": 0.0016666666666666668, "50": 0.0016666666666666668, "15": 8.333333333333333e-05, "66": 8.333333333333333e-05, "31": 0.0016666666666666668, "13": 0.0016666666666666668, "11": 0.0004166666666666667, "80": 1.388888888888889e-05, "92": 0.0016666666666666668, "19": 0.0004166666666666667, "81": 0.0016666666666666668, "41": 0.0004166666666666667, "35": 0.0016666666666666668, "70": 8.333333333333333e-05, "2": 0.005, "7": 0.0016666666666666668, "42": 0.0016666666666666668, "44": 8.333333333333333e-05, "47": 0.0004166666666666667, "28": 8.333333333333333e-05, "37": 0.0004166666666666667, "98": 8.333333333333333e-05, "54": 0.0016666666666666668, "6": 0.0016666666666666668, "95": 0.0016666666666666668, "99": 1.388888888888889e-05, "57": 0.0016666666666666668, "49": 0.0004166666666666667, "97": 0.0004166666666666667, "89": 1.984126984126984e-06, "84": 8.333333333333333e-05, "21": 0.0004166666666666667, "48": 0.005, "5": 0.0016666666666666668, "26": 0.0016666666666666668, "52": 0.0004166666666666667, "82": 8.333333333333333e-05, "69": 8.333333333333333e-05, "77": 0.0004166666666666667, "85": 0.0016666666666666668, "72": 8.333333333333333e-05, "96": 8.333333333333333e-05, "22": 0.0004166666666666667, "1": 0.01, "65": 8.333333333333333e-05, "63": 0.0016666666666666668, "71": 0.0016666666666666668, "75": 0.0004166666666666667, "9": 0.005, "24": 0.005, "73": 8.333333333333333e-05, "51": 1.388888888888889e-05, "90": 1.984126984126984e-06, "60": 0.0004166666666666667, "4": 0.005, "18": 0.005, "83": 0.005, "94": 0.0004166666666666667, "40": 0.005, "78": 0.005, "12": 0.005, "67": 8.333333333333333e-05, "45": 0.0016666666666666668, "25": 0.0016666666666666668}