{"0": 0, "1": 0, "2": 0, "3": 0, "4": 0, "5": 1, "6": 1, "7": 1, "8": 2, "9": 0, "10": 0, "11": 2, "12": 0, "13": 1, "14": 1, "15": 2, "16": 1, "17": 1, "18": 0, "19": 2, "20": 1, "21": 2, "22": 2, "23": 2, "24": 0, "25": 1, "26": 1, "27": 1, "28": 2, "29": 1, "30": 1, "31": 1, "32": 2, "33": 2, "34": 2, "35": 1, "36": 2, "37": 2, "38": 2, "39": 1, "40": 0, "41": 2, "42": 1, "43": 2, "44": 2, "45": 1, "46": 2, "47": 2, "48": 0, "49": 2, "50": 1, "51": 2, "52": 2, "53": 2, "54": 1, "55": 1, "56": 2, "57": 1, "58": 2, "59": 2, "60": 2, "61": 0, "62": 1, "63": 1, "64": 2, "65": 2, "66": 2, "67": 2, "68": 2, "69": 2, "70": 2, "71": 1, "72": 2, "73": 2, "74": 2, "75": 2, "76": 0, "77": 2, "78": 0, "79": 1, "80": 2, "81": 1, "82": 2, "83": 0, "84": 2, "85": 1, "86": 1, "87": 2, "88": 1, "89": 2, "90": 2, "91": 2, "92": 1, "93": 2, "94": 2, "95": 1, "96": 2, "97": 2, "98": 2, "99": 2}
