{"9": 1, "11": 1, "13": 1, "15": 1, "16": 1, "22": 1, "24": 1, "25": 1, "26": 1, "30": 1, "32": 1, "33": 1, "35": 1, "36": 1, "37": 1, "38": 1, "46": 1, "47": 1, "50": 1, "51": 1, "53": 1, "54": 1, "55": 1, "56": 1, "57": 1, "58": 1, "60": 1, "61": 1, "62": 1, "63": 1, "64": 1, "65": 1, "66": 1, "67": 1, "68": 1, "69": 1, "70": 1, "71": 1, "72": 1, "73": 1, "75": 1, "76": 1, "77": 1, "78": 1, "79": 1, "81": 1, "82": 1, "83": 1, "84": 1, "85": 1, "86": 1, "87": 1, "88": 1, "89": 1, "90": 1, "91": 1, "92": 1, "94": 1, "95": 1, "96": 1, "97": 1, "98": 1, "99": 1, "0": 3.959826152683296, "1": 2.959826152683295, "2": 2.75, "3": 2.2857142857142856, "4": 2.786111111111111, "5": 2.0, "6": 2.572222222222222, "7": 3.0, "8": 2.4, "10": 2.875, "12": 2.4074074074074074, "14": 2.0, "17": 2.5, "18": 2.0, "19": 2.0, "20": 2.0, "21": 2.75, "23": 3.0, "27": 2.0, "28": 2.0, "29": 2.0, "31": 2.6666666666666665, "34": 2.0, "39": 2.0, "40": 4.333333333333334, "41": 3.0, "42": 3.3333333333333335, "43": 3.0, "44": 2.0, "45": 2.0, "48": 2.0, "49": 2.333333333333333, "52": 2.0, "59": 2.0, "74": 2.0, "80": 2.0, "93": 2.0}
