{"n0": 1.0, "n1": 1.5, "n2": 1.5, "n3": 1.75, "n4": 1.5, "n5": 1.75, "n6": 1.5, "n7": 1.75, "n8": 1.5, "n9": 1.5, "n10": 1.5, "n11": 1.5, "n12": 1.875, "n13": 1.5, "n14": 1.5, "n15": 1.75, "n16": 1.75, "n17": 1.875, "n18": 1.75, "n19": 1.75, "n20": 1.875, "n21": 1.75, "n22": 1.875, "n23": 1.75, "n24": 1.875, "n25": 1.75, "n26": 1.75, "n27": 1.875, "n28": 1.875, "n29": 1.5, "n30": 1.875, "n31": 1.9375, "n32": 1.75, "n33": 1.5, "n34": 1.9375, "n35": 1.5, "n36": 1.9375, "n37": 1.75, "n38": 1.75, "n39": 1.875, "n40": 1.96875, "n41": 1.75, "n42": 1.9375, "n43": 1.75, "n44": 1.875, "n45": 1.9375, "n46": 1.75, "n47": 1.875, "n48": 1.875, "n49": 1.875, "n50": 1.875, "n51": 1.5, "n52": 1.984375, "n53": 1.96875, "n54": 1.9375, "n55": 1.75, "n56": 1.875, "n57": 1.75, "n58": 1.75, "n59": 1.5, "n60": 1.75, "n61": 1.5, "n62": 1.5, "n63": 1.984375, "n64": 1.5, "n65": 1.75, "n66": 1.75, "n67": 1.9375, "n68": 1.875, "n69": 1.875, "n70": 1.875, "n71": 1.875, "n72": 1.75, "n73": 1.9375, "n74": 1.96875, "n75": 1.875, "n76": 1.5, "n77": 1.75, "n78": 1.875, "n79": 1.9375, "n80": 1.9921875, "n81": 1.9375, "n82": 1.984375, "n83": 1.75, "n84": 1.75, "n85": 1.9375, "n86": 1.96875, "n87": 1.9375, "n88": 1.9921875, "n89": 1.5, "n90": 1.9921875, "n91": 1.875, "n92": 1.9375, "n93": 1.9375, "n94": 1.9375, "n95": 1.75, "n96": 1.75, "n97": 1.75, "n98": 1.75, "n99": 1.9375}
