{"0": 2.027394178462362e+125, "1": 1.958591868871805e+125, "2": 2.3404911020306837e+125, "3": 1.2888502466078979e+125, "4": 3.6137095468894877e+124, "5": 4.376589317504971e+124, "6": 4.312988844319595e+124, "7": 1.15815998400124e+125, "8": 1.6028948534621221e+125, "9": 3.258556468999335e+124, "10": 2.974920304479094e+124, "11": 2.8044560474515207e+124, "12": 2.7176608681608366e+124, "13": 1.5609383343665867e+125, "14": 5.162591060882673e+124, "15": 7.341961828547348e+124, "16": 1.2020129230226678e+124, "17": 2.7727317359749523e+124, "18": 3.1737775320706753e+124, "19": 4.765511490814562e+124, "20": 4.072905677050336e+124, "21": 3.675826106982225e+124, "22": 5.257869680309012e+124, "23": 1.4152675313698145e+125, "24": 3.3134580358351165e+124, "25": 7.956511550949973e+124, "26": 3.805479237545374e+124, "27": 9.58574109373816e+124, "28": 5.591483289067459e+124, "29": 8.816583651874564e+124, "30": 1.0275719341337037e+125, "31": 1.3595296569509953e+125, "32": 2.15662622383852e+125, "33": 2.363262357643156e+125}