{"0": 1.6571428571428573, "1": 1.9428571428571428, "2": 1.6857142857142857, "3": 2.0285714285714285, "4": 2.4857142857142858, "5": 2.4571428571428573, "6": 2.4571428571428573, "7": 2.142857142857143, "8": 1.8285714285714285, "9": 2.1714285714285713, "10": 2.4857142857142858, "11": 2.5714285714285716, "12": 2.5428571428571427, "13": 1.8285714285714285, "14": 2.5428571428571427, "15": 2.5428571428571427, "16": 3.3142857142857145, "17": 2.5142857142857142, "18": 2.5428571428571427, "19": 1.8857142857142857, "20": 2.5428571428571427, "21": 2.5142857142857142, "22": 2.5428571428571427, "23": 2.4, "24": 2.5142857142857142, "25": 2.5142857142857142, "26": 2.6, "27": 2.057142857142857, "28": 2.085714285714286, "29": 2.4571428571428573, "30": 2.057142857142857, "31": 1.7428571428571429, "32": 1.8285714285714285, "33": 1.7142857142857142}