{"0": 0.0017825311942959, "1": 0.0017825311942959, "2": 0.0017825311942959, "3": 0.0017825311942959, "4": 0.0017825311942959, "5": 0.0017825311942959, "6": 0.0017825311942959, "7": 0.0017825311942959, "8": 0.0017825311942959, "9": 0.0017825311942959, "10": 0.0017825311942959, "11": 0.0017825311942959, "12": 0.0017825311942959, "13": 0.0017825311942959, "14": 0.0017825311942959, "15": 0.0017825311942959, "16": 0.0017825311942959, "17": 0.0017825311942959, "18": 0.0017825311942959, "19": 0.0017825311942959, "20": 0.0017825311942959, "21": 0.0017825311942959, "22": 0.0017825311942959, "23": 0.0017825311942959, "24": 0.0017825311942959, "25": 0.0017825311942959, "26": 0.0017825311942959, "27": 0.0017825311942959, "28": 0.0017825311942959, "29": 0.0017825311942959, "30": 0.0017825311942959, "31": 0.0017825311942959, "32": 0.0017825311942959, "33": 0.0017825311942959}