{"0": 33.0, "1": 13.0, "2": 27.0, "3": 1.0, "4": 1.0, "5": 8.0, "6": 8.0, "7": 2.0, "8": 21.0, "9": 0.0, "10": 1.0, "11": 1.0, "12": 7.0, "13": 22.0, "14": 4.0, "15": 4.0, "16": 7.0, "17": 7.0, "18": 4.0, "19": 20.0, "20": 4.0, "21": 7.0, "22": 4.0, "23": 11.0, "24": 0.0, "25": 1.0, "26": 1.0, "27": 2.0, "28": 0.0, "29": 4.0, "30": 3.0, "31": 24.0, "32": 25.0, "33": 32.0}
