{"0": 0.0, "1": -10.0, "2": -1.0, "3": -13.0, "4": -29.0, "5": -28.0, "6": -28.0, "7": -17.0, "8": -6.0, "9": -17.0, "10": -29.0, "11": -32.0, "12": -31.0, "13": -6.0, "14": -29.0, "15": -29.0, "16": -30.0, "17": -30.0, "18": -29.0, "19": -8.0, "20": -29.0, "21": -30.0, "22": -29.0, "23": -24.0, "24": -27.0, "25": -27.0, "26": -31.0, "27": -13.0, "28": -14.0, "29": -26.0, "30": -13.0, "31": -3.0, "32": -5.0, "33": -1.0}