{"0": 0.6030311066298256, "1": 0.2875432661223248, "2": 0.40334257271349355, "3": 0.18057342174771626, "4": 0.048145418190069664, "5": 0.079310899954975, "6": 0.07931089995497499, "7": 0.11548628747634193, "8": 0.22661734130099234, "9": 0.043313498322469085, "10": 0.04814541819006945, "11": 0.014449032362268962, "12": 0.03231196484169557, "13": 0.21570857871255064, "14": 0.04248302619476034, "15": 0.04248302619476036, "16": 0.00787275788840246, "17": 0.038289392497018036, "18": 0.0424830261947604, "19": 0.10701331747753262, "20": 0.04248302619476032, "21": 0.0382893924970179, "22": 0.042483026194760264, "23": 0.11957369970474531, "24": 0.0252933848569693, "25": 0.026841560376424066, "26": 0.026115240138734046, "27": 0.0973381330631009, "28": 0.07681435298845274, "29": 0.08811866016336833, "30": 0.12488643361362824, "31": 0.22867498037692116, "32": 0.40089566814867444, "33": 0.5555402648551103}