{"0": 3.0625, "1": 3.4444444444444446, "2": 3.6, "3": 3.6666666666666665, "4": 3.3333333333333335, "5": 3.0, "6": 3.0, "7": 4.0, "8": 4.0, "9": 4.0, "10": 3.3333333333333335, "11": 4.0, "12": 4.0, "13": 4.0, "14": 4.0, "15": 4.0, "16": 3.0, "17": 4.0, "18": 4.0, "19": 4.0, "20": 4.0, "21": 4.0, "22": 4.0, "23": 3.4, "24": 3.0, "25": 3.0, "26": 3.5, "27": 3.5, "28": 3.6666666666666665, "29": 3.25, "30": 4.0, "31": 3.5, "32": 2.9166666666666665, "33": 2.823529411764706}
