{"0": 0.48638720835926463, "1": 0.1837643138141347, "2": 0.25273846110572723, "3": 0.09987735216323092, "4": 0.046899920255183386, "5": 0.07178694843168534, "6": 0.0717869484316853, "7": 0.05356178221020873, "8": 0.10353592793411015, "9": 0.029126328568624016, "10": 0.0468999202551835, "11": 0.0, "12": 0.021792873013136576, "13": 0.09521613203920208, "14": 0.009878160254182547, "15": 0.009878160254182547, "16": 0.01574960127591711, "17": 0.020610952534966462, "18": 0.009878160254182547, "19": 0.06788125885531364, "20": 0.009878160254182547, "21": 0.02061095253496657, "22": 0.00987816025418254, "23": 0.0925487018340456, "24": 0.04177106876078287, "25": 0.046842843946891026, "26": 0.015894402718282047, "27": 0.08118574227825895, "28": 0.04750599513479626, "29": 0.05854625640949961, "30": 0.07559533700334574, "31": 0.15521701365947682, "32": 0.24768161900117466, "33": 0.3903685195589847}