{"0": 0.058567106045101555, "1": 0.05252500943344552, "2": 0.055765414968630314, "3": 0.04682680760435631, "4": 0.0327352440331331, "5": 0.03410635983780078, "6": 0.03410635983780079, "7": 0.04203271504240412, "8": 0.04710638325774851, "9": 0.031629733155447266, "10": 0.0327352440331331, "11": 0.02037721036113521, "12": 0.030221503585603982, "13": 0.046757820205110955, "14": 0.03094550141692615, "15": 0.030945501416926157, "16": 0.02395720430019324, "17": 0.0308494946667879, "18": 0.030945501416926157, "19": 0.039095904824340826, "20": 0.030945501416926164, "21": 0.030849494666787915, "22": 0.03094550141692617, "23": 0.043622478785180066, "24": 0.03358677789737529, "25": 0.03376348116644054, "26": 0.02920213627986426, "27": 0.04126899979931104, "28": 0.03817020635900134, "29": 0.039675682866820175, "30": 0.043043271644583055, "31": 0.047582600558111615, "32": 0.05509452020307342, "33": 0.05918290693266139}