{"0": 12.25, "1": 10.125, "2": 11.375, "3": 9.375, "4": 7.5, "5": 7.75, "6": 7.75, "7": 8.6875, "8": 10.125, "9": 8.3125, "10": 7.5, "11": 6.875, "12": 7.125, "13": 10.125, "14": 7.28125, "15": 7.28125, "16": 5.0, "17": 7.25, "18": 7.28125, "19": 9.625, "20": 7.28125, "21": 7.25, "22": 7.28125, "23": 8.28125, "24": 6.9375, "25": 6.9375, "26": 7.09375, "27": 9.0625, "28": 8.8125, "29": 7.90625, "30": 9.0625, "31": 10.625, "32": 11.0625, "33": 12.1875}
