{"0": 85, "1": 61, "2": 76, "3": 52, "4": 26, "5": 29, "6": 29, "7": 45, "8": 64, "9": 29, "10": 26, "11": 17, "12": 24, "13": 63, "14": 31, "15": 31, "16": 10, "17": 27, "18": 31, "19": 45, "20": 31, "21": 27, "22": 31, "23": 45, "24": 16, "25": 17, "26": 23, "27": 39, "28": 36, "29": 40, "30": 47, "31": 60, "32": 73, "33": 82}