{"0": 0.35548349418519426, "1": 0.2659538704545024, "2": 0.3171893899684447, "3": 0.21117407832057056, "4": 0.0759664588165738, "5": 0.07948057788594245, "6": 0.07948057788594245, "7": 0.1709551149803543, "8": 0.22740509147166046, "9": 0.10267519030637756, "10": 0.0759664588165738, "11": 0.05285416945233646, "12": 0.08425192086558085, "13": 0.22646969838808145, "14": 0.10140627846270832, "15": 0.10140627846270832, "16": 0.02363479426059687, "17": 0.0923967566684595, "18": 0.10140627846270832, "19": 0.14791134007618667, "20": 0.10140627846270832, "21": 0.0923967566684595, "22": 0.10140627846270832, "23": 0.15012328691726787, "24": 0.057053735638028055, "25": 0.0592082025027901, "26": 0.07558192219009324, "27": 0.13347932684333308, "28": 0.13107925627221215, "29": 0.13496528673866567, "30": 0.17476027834493088, "31": 0.191036269797917, "32": 0.3086510477336959, "33": 0.37337121301323506}
