{"0": 7.740439466142635, "1": 8.088788238716907, "2": 8.088788238716907, "3": 8.088788238716907, "4": 8.088788238716907, "5": 8.088788238716907, "6": 8.088788238716907, "7": 8.088788238716907, "8": 8.088788238716907, "9": 8.088788238716907, "10": 8.088788238716907, "11": 8.088788238716907, "12": 8.088788238716907, "13": 8.088788238716907, "14": 8.088788238716907, "15": 8.088788238716907, "16": 8.088788238716907, "17": 8.088788238716907, "18": 8.088788238716907, "19": 8.088788238716907, "20": 8.088788238716907, "21": 8.088788238716907, "22": 8.088788238716907, "23": 8.088788238716907, "24": 8.088788238716907, "25": 8.088788238716907, "26": 8.088788238716907, "27": 8.088788238716907, "28": 8.088788238716907, "29": 8.088788238716907, "30": 8.088788238716907, "31": 8.088788238716907, "32": 8.088788238716907, "33": 8.088788238716907}