{"0": 33, "1": 33, "2": 33, "3": 33, "4": 25, "5": 25, "6": 25, "7": 32, "8": 33, "9": 32, "10": 25, "11": 25, "12": 25, "13": 33, "14": 24, "15": 24, "16": 17, "17": 25, "18": 24, "19": 33, "20": 24, "21": 25, "22": 24, "23": 24, "24": 32, "25": 32, "26": 23, "27": 32, "28": 32, "29": 24, "30": 32, "31": 33, "32": 32, "33": 32}