{"0": 23.16666666666666, "1": 19.16666666666667, "2": 21.0, "3": 17.66666666666667, "4": 14.66666666666667, "5": 15.16666666666667, "6": 15.16666666666667, "7": 16.41666666666667, "8": 18.5, "9": 15.583333333333334, "10": 14.66666666666667, "11": 13.500000000000004, "12": 14.000000000000004, "13": 18.5, "14": 14.200000000000003, "15": 14.200000000000003, "16": 11.099999999999996, "17": 14.16666666666667, "18": 14.200000000000003, "19": 17.5, "20": 14.200000000000003, "21": 14.16666666666667, "22": 14.200000000000003, "23": 16.033333333333335, "24": 13.916666666666666, "25": 13.916666666666664, "26": 13.950000000000001, "27": 16.916666666666664, "28": 16.416666666666664, "29": 15.366666666666669, "30": 16.916666666666668, "31": 19.333333333333336, "32": 20.916666666666668, "33": 23.25}