{"0": -4.238636363636363, "1": -4.5353535353535355, "2": -4.930303030303029, "3": -4.106060606060606, "4": -3.494949494949495, "5": -6.583333333333334, "6": -5.924242424242426, "7": -4.068181818181818, "8": -4.478787878787879, "9": -0.40909090909090917, "10": -3.7777777777777777, "11": -2.545454545454545, "12": -1.4090909090909087, "13": -4.630303030303031, "14": -2.0303030303030307, "15": -3.848484848484848, "16": -4.303030303030303, "17": -0.12121212121212155, "18": -0.09090909090909127, "19": -1.1515151515151518, "20": -1.1212121212121215, "21": -1.1515151515151518, "22": -1.9696969696969693, "23": -6.824242424242424, "24": -2.5252525252525264, "25": -7.666666666666666, "26": -4.2727272727272725, "27": -5.075757575757576, "28": -1.4242424242424243, "29": -4.90909090909091, "30": -3.1212121212121207, "31": -5.979797979797979, "32": -5.388888888888888, "33": -4.666666666666666}
