{"0": 0.3213245969592325, "1": 0.2354842531944946, "2": 0.2657658848154288, "3": 0.1949132024917254, "4": 0.12190440564948413, "5": 0.1309722793286492, "6": 0.1309722793286492, "7": 0.166233052026894, "8": 0.2007178109661081, "9": 0.12420150029869696, "10": 0.12190440564948413, "11": 0.09661674181730141, "12": 0.11610805572826272, "13": 0.19937368057318847, "14": 0.12513342642033795, "15": 0.12513342642033795, "16": 0.09067874388549631, "17": 0.12016515915440099, "18": 0.12513342642033795, "19": 0.15330578770069542, "20": 0.12513342642033795, "21": 0.12016515915440099, "22": 0.12513342642033795, "23": 0.16679064809871574, "24": 0.11021106930146936, "25": 0.11156461274962841, "26": 0.11293552094158042, "27": 0.1519016658208186, "28": 0.143581654735333, "29": 0.15310603655041516, "30": 0.16875361802889585, "31": 0.19380160170200547, "32": 0.2750851434662392, "33": 0.3314063975218936}