{"0": 0.25435930251159794, "1": 0.17245240761478126, "2": 0.21660534314509655, "3": 0.09646456566949232, "4": 0.03503439449688037, "5": 0.0571108622620378, "6": 0.05407134858422654, "7": 0.0788673812190041, "8": 0.12222044472884314, "9": 0.021756518956966602, "10": 0.030875059990400962, "11": 0.02159654455287082, "12": 0.017437210046392437, "13": 0.1188609822428406, "14": 0.03663413853783366, "15": 0.054871220604702974, "16": 0.017277235642297238, "17": 0.019196928491440793, "18": 0.022556390977443615, "19": 0.03311470164773594, "20": 0.027995520716684756, "21": 0.024636058230682517, "22": 0.03823388257878711, "23": 0.12941929291313437, "24": 0.02271636538153925, "25": 0.06446968485042395, "26": 0.028155495120780975, "27": 0.07518796992481176, "28": 0.03647416413373803, "29": 0.0707086866101424, "30": 0.07086866101423746, "31": 0.13101903695408754, "32": 0.2370820668693007, "33": 0.30667093265077555}