{"0": 0.5959873150585225, "1": 0.299448972080551, "2": 0.27098909862067755, "3": -0.018939393939393947, "4": -0.27568922305764415, "5": -0.030952380952380953, "6": -0.030952380952380953, "7": -0.4032967032967033, "8": -0.3406501994737289, "9": -0.7280701754385965, "10": -0.27568922305764415, "11": -0.8823529411764706, "12": -0.6388888888888888, "13": -0.3558441558441558, "14": -0.7518796992481203, "15": -0.7518796992481203, "16": -0.3333333333333333, "17": -0.7070707070707071, "18": -0.7518796992481203, "19": -0.6280701754385964, "20": -0.7518796992481203, "21": -0.7070707070707071, "22": -0.7518796992481203, "23": -0.09699940582293523, "24": -0.15873015873015872, "25": -0.19444444444444442, "26": -0.5614035087719298, "27": -0.25396825396825395, "28": -0.523931623931624, "29": -0.22420634920634921, "30": -0.4036935286935287, "31": -0.04435660957400089, "32": 0.47056555119435445, "33": 0.6512057026852259}
