{"0": 18.775862068965516, "1": 16.014705882352942, "2": 18.45762711864407, "3": 15.338028169014084, "4": 12.517241379310345, "5": 12.662790697674419, "6": 12.662790697674419, "7": 14.52, "8": 17.015625, "9": 14.328947368421053, "10": 12.517241379310345, "11": 12.1, "12": 12.235955056179776, "13": 17.015625, "14": 12.235955056179776, "15": 12.235955056179776, "16": 9.387931034482758, "17": 12.375, "18": 12.235955056179776, "19": 16.5, "20": 12.235955056179776, "21": 12.375, "22": 12.235955056179776, "23": 12.964285714285714, "24": 12.375, "25": 12.375, "26": 11.967032967032967, "27": 15.125, "28": 14.917808219178083, "29": 12.662790697674419, "30": 15.125, "31": 17.852459016393443, "32": 17.015625, "33": 18.15}
