{"0": 0.43468342276936023, "1": 0.05493607954545455, "2": 0.14834280303030306, "3": 0.014234138257575758, "4": 0.0006313131313131311, "5": 0.029987373737373736, "6": 0.02998737373737374, "7": 0.0, "8": 0.051530934343434365, "9": 0.0007891414141414141, "10": 0.0006313131313131311, "11": 0.0, "12": 0.0, "13": 0.047887731481481496, "14": 0.0, "15": 0.0, "16": 0.0, "17": 0.0, "18": 0.0, "19": 0.03391992845117845, "20": 0.0, "21": 0.0, "22": 0.0, "23": 0.017676767676767676, "24": 0.0023279671717171715, "25": 0.00495580808080808, "26": 0.0, "27": 0.023926767676767675, "28": 0.0017624158249158247, "29": 0.0036497790404040405, "30": 0.014207175925925925, "31": 0.13407512626262627, "32": 0.1476352062289563, "33": 0.29843355429292934}