{"0": 10, "1": 8, "2": 7, "3": 6, "4": 3, "5": 4, "6": 4, "7": 4, "8": 5, "9": 1, "10": 3, "11": 1, "12": 2, "13": 4, "14": 2, "15": 2, "16": 2, "17": 2, "18": 2, "19": 2, "20": 2, "21": 2, "22": 2, "23": 4, "24": 2, "25": 2, "26": 2, "27": 2, "28": 2, "29": 4, "30": 3, "31": 3, "32": 12, "33": 14}
