{"0": 0.43763528138528124, "1": 0.05393668831168831, "2": 0.14365680615680615, "3": 0.011909271284271288, "4": 0.0006313131313131313, "5": 0.02998737373737373, "6": 0.02998737373737373, "7": 0.0, "8": 0.055926827801827804, "9": 0.0008477633477633478, "10": 0.0006313131313131313, "11": 0.0, "12": 0.0, "13": 0.04586339586339586, "14": 0.0, "15": 0.0, "16": 0.0, "17": 0.0, "18": 0.0, "19": 0.0324750481000481, "20": 0.0, "21": 0.0, "22": 0.0, "23": 0.017613636363636363, "24": 0.0022095959595959595, "25": 0.003840488215488215, "26": 0.0, "27": 0.022333453583453584, "28": 0.0017947330447330447, "29": 0.0029220779220779218, "30": 0.014411976911976909, "31": 0.13827561327561327, "32": 0.145247113997114, "33": 0.30407497594997585}
