{"0": 4.424242424242424, "1": 4.121212121212121, "2": 4.393939393939394, "3": 4.03030303030303, "4": 3.5454545454545454, "5": 3.5757575757575757, "6": 3.5757575757575757, "7": 3.909090909090909, "8": 4.242424242424242, "9": 3.878787878787879, "10": 3.5454545454545454, "11": 3.4545454545454546, "12": 3.484848484848485, "13": 4.242424242424242, "14": 3.484848484848485, "15": 3.484848484848485, "16": 2.6666666666666665, "17": 3.515151515151515, "18": 3.484848484848485, "19": 4.181818181818182, "20": 3.484848484848485, "21": 3.515151515151515, "22": 3.484848484848485, "23": 3.6363636363636362, "24": 3.515151515151515, "25": 3.515151515151515, "26": 3.4242424242424243, "27": 4.0, "28": 3.9696969696969697, "29": 3.5757575757575757, "30": 4.0, "31": 4.333333333333333, "32": 4.242424242424242, "33": 4.363636363636363}
