{"18": 1.4428848462461907e-07, "7": 1.3508489815679358e-07, "23": 6.427396133278486e-09, "26": 1.146174893451582e-08, "31": 9.010957324106113e-06, "19": 1.0474275180157534e-05, "33": 8.569861511037982e-06, "14": 1.4428848462461907e-07, "20": 1.4428848462461907e-07, "12": 7.598525521319639e-08, "1": 4.0525469447038073e-07, "29": 1.1417610522469857e-07, "9": 1.414027149321267e-06, "6": 1.621018777881523e-07, "15": 1.4428848462461907e-07, "4": 8.105093889407615e-08, "10": 8.105093889407615e-08, "32": 5.106209150326797e-06, "27": 1.4333218667583992e-06, "16": 2.7047031889013175e-09, "5": 1.621018777881523e-07, "22": 1.4428848462461907e-07, "30": 5.22225935828877e-07, "28": 2.3454357819682896e-06, "17": 7.843639247813821e-08, "25": 3.4657528169638895e-08, "21": 7.843639247813821e-08, "3": 1.736805833444489e-07, "8": 4.255174291938998e-06, "0": 2.4315281668222846e-06, "24": 1.7603823832197536e-08, "13": 3.404139433551198e-06, "11": 7.368267172188741e-08, "2": 2.2444875386051857e-06}