{"0": 55.60241438822985, "1": 67.53457054532964, "2": 57.49414476745155, "3": 88.26072733925963, "4": 138.92628232765475, "5": 126.58418094757528, "6": 128.25739656699707, "7": 98.31228673670054, "8": 79.49076436478578, "9": 188.99047145168095, "10": 142.97658316111122, "11": 194.69881480327564, "12": 175.64454107430433, "13": 81.8660996970133, "14": 151.7119549543983, "15": 129.73732583341925, "16": 174.75970256090096, "17": 191.91662761551294, "18": 191.66257065562388, "19": 146.80922749376487, "20": 169.32601503647533, "21": 167.86065234478886, "22": 150.973503314603, "23": 83.93659338630879, "24": 139.17472400239683, "25": 106.70578799042208, "26": 152.59118663952606, "27": 99.9218229227039, "28": 134.85895004326784, "29": 108.25751299247378, "30": 100.67509910959008, "31": 82.01888050289647, "32": 61.51592377832295, "33": 51.639287497947066}
