{"0": 1547, "1": 1223, "2": 1546, "3": 1079, "4": 474, "5": 508, "6": 508, "7": 955, "8": 1348, "9": 630, "10": 474, "11": 351, "12": 495, "13": 1341, "14": 654, "15": 654, "16": 128, "17": 567, "18": 654, "19": 953, "20": 654, "21": 567, "22": 654, "23": 881, "24": 257, "25": 278, "26": 470, "27": 794, "28": 744, "29": 795, "30": 996, "31": 1216, "32": 1387, "33": 1479}
