{"0": 128.09501352288936, "1": 71.43099736777337, "2": 88.70459454795896, "3": 48.18063828173581, "4": 10.2467402232585, "5": 12.347606276019043, "6": 12.347606276019036, "7": 32.07429592099735, "8": 45.06754196058667, "9": 10.584888318680008, "10": 10.24674022325852, "11": 4.422322484601144, "12": 9.621245990480249, "13": 46.76909999615943, "14": 12.509398753929409, "15": 12.509398753929409, "16": 3.7324056645372337, "17": 10.874664279331757, "18": 12.509398753929409, "19": 20.1796106027168, "20": 12.509398753929409, "21": 10.874664279331757, "22": 12.509398753929409, "23": 27.40290133260269, "24": 6.357645685313471, "25": 6.8129963300343075, "26": 8.266177450501642, "27": 18.586171965352854, "28": 16.727385594210087, "29": 22.926626372708746, "30": 28.553034307493988, "31": 34.849359417354776, "32": 95.69472679440032, "33": 136.72233818359211}