{"0": 0.18206521739130435, "1": 0.2698412698412698, "2": 0.23333333333333334, "3": 0.3484848484848485, "4": 0.45098039215686275, "5": 0.36764705882352944, "6": 0.36764705882352944, "7": 0.4880952380952381, "8": 0.3933333333333333, "9": 0.625, "10": 0.45098039215686275, "11": 1.0, "12": 0.6875, "13": 0.3931034482758621, "14": 0.8055555555555556, "15": 0.8055555555555556, "16": 0.8, "17": 0.7352941176470589, "18": 0.8055555555555556, "19": 0.47126436781609193, "20": 0.8055555555555556, "21": 0.7352941176470589, "22": 0.8055555555555556, "23": 0.4105263157894737, "24": 0.5, "25": 0.5416666666666666, "26": 0.6176470588235294, "27": 0.375, "28": 0.463768115942029, "29": 0.47368421052631576, "30": 0.45652173913043476, "31": 0.2849462365591398, "32": 0.21180555555555555, "33": 0.18235294117647058}
